// Jest Snapshot v1, https://goo.gl/fbAQLP

exports[`Unit test <ProductsPage /> component match to snapshot 1`] = `
<DocumentFragment>
  <h1>
    Loading...
  </h1>
</DocumentFragment>
`;
